BL51 BANKED LINKER/LOCATER V6.22                                                        06/28/2017  16:46:05  PAGE 1


BL51 BANKED LINKER/LOCATER V6.22, INVOKED BY:
D:\KEIL\C51\BIN\BL51.EXE main.obj TO test


MEMORY MODEL: SMALL


INPUT MODULES INCLUDED:
  main.obj (MAIN)
  D:\KEIL\C51\LIB\C51S.LIB (?C_STARTUP)
  D:\KEIL\C51\LIB\C51S.LIB (?C?CLDPTR)


LINK MAP OF MODULE:  test (MAIN)


            TYPE    BASE      LENGTH    RELOCATION   SEGMENT NAME
            -----------------------------------------------------

            * * * * * * *   D A T A   M E M O R Y   * * * * * * *
            REG     0000H     0008H     ABSOLUTE     "REG BANK 0"
            DATA    0008H     0002H     UNIT         ?DT?_READ_DATA_POS?MAIN
            IDATA   000AH     0001H     UNIT         ?STACK

            * * * * * * *   C O D E   M E M O R Y   * * * * * * *
            CODE    0000H     0003H     ABSOLUTE     
            CODE    0003H     001DH     UNIT         ?PR?_READ_DATA_POS?MAIN
            CODE    0020H     001CH     UNIT         ?PR?READ_DATA?MAIN
            CODE    003CH     001AH     UNIT         ?PR?_DELAY?MAIN
            CODE    0056H     001AH     UNIT         ?PR?READ_POINTER?MAIN
            CODE    0070H     0019H     UNIT         ?C?LIB_CODE
            CODE    0089H     0014H     UNIT         ?PR?MAIN?MAIN
            CODE    009DH     0013H     UNIT         ?PR?_WRITE_STRING?MAIN
            CODE    00B0H     000CH     UNIT         ?C_C51STARTUP
            CODE    00BCH     000AH     UNIT         ?PR?_WRITE_COM?MAIN
            CODE    00C6H     000AH     UNIT         ?PR?_WRITE_DATA?MAIN
            CODE    00D0H     000AH     UNIT         ?PR?_WRITE_DATA_POS?MAIN



OVERLAY MAP OF MODULE:   test (MAIN)


SEGMENT
  +--> CALLED SEGMENT
---------------------
?C_C51STARTUP
  +--> ?PR?MAIN?MAIN

?PR?MAIN?MAIN
  +--> ?PR?_DELAY?MAIN
  +--> ?PR?_WRITE_COM?MAIN
  +--> ?PR?_WRITE_DATA?MAIN

?PR?_WRITE_COM?MAIN
  +--> ?PR?_DELAY?MAIN

?PR?_WRITE_DATA?MAIN
BL51 BANKED LINKER/LOCATER V6.22                                                      06/28/2017  16:46:05  PAGE 2


  +--> ?PR?_DELAY?MAIN



UNRESOLVED EXTERNAL SYMBOLS:
   DISPLAY_INIT



SYMBOL TABLE OF MODULE:  test (MAIN)

  VALUE           TYPE          NAME
  ----------------------------------

  -------         MODULE        MAIN
  C:0000H         SYMBOL        _ICE_DUMMY_
  D:00A0H         PUBLIC        P2
  D:00B0H         PUBLIC        P3
  C:0056H         PUBLIC        read_pointer
  C:0045H         PUBLIC        _delay
  C:0020H         PUBLIC        read_data
  C:0089H         PUBLIC        main
  C:009DH         PUBLIC        _write_string
  C:00C6H         PUBLIC        _write_data
  C:0003H         PUBLIC        _read_data_pos
  C:00BCH         PUBLIC        _write_com
  B:00B0H.5       PUBLIC        en
  C:00D0H         PUBLIC        _write_data_pos
  B:00B0H.6       PUBLIC        rs
  B:00B0H.7       PUBLIC        rw
  -------         PROC          MAIN
  C:0089H         LINE#         28
  C:0089H         LINE#         30
  C:008CH         LINE#         31
  C:0091H         LINE#         33
  C:0096H         LINE#         34
  C:009BH         LINE#         36
  -------         ENDPROC       MAIN
  C:0040H         SYMBOL        L?0021
  -------         PROC          L?0020
  -------         ENDPROC       L?0020
  C:0040H         SYMBOL        L?0021
  -------         PROC          _DELAY
  D:0007H         SYMBOL        time
  -------         DO            
  D:0006H         SYMBOL        x
  D:0005H         SYMBOL        y
  -------         ENDDO         
  C:0045H         LINE#         43
  C:0045H         LINE#         45
  C:004CH         LINE#         46
  C:0052H         LINE#         47
  C:0055H         LINE#         48
  -------         ENDPROC       _DELAY
  -------         PROC          _WRITE_COM
  D:0007H         SYMBOL        com
  C:00BCH         LINE#         53
BL51 BANKED LINKER/LOCATER V6.22                                                      06/28/2017  16:46:05  PAGE 3


  C:00BCH         LINE#         54
  C:00BEH         LINE#         55
  C:00C0H         LINE#         56
  C:00C0H         LINE#         57
  C:00C0H         LINE#         58
  C:00C0H         LINE#         59
  C:00C3H         LINE#         60
  C:00C5H         LINE#         61
  -------         ENDPROC       _WRITE_COM
  -------         PROC          _WRITE_DATA
  D:0007H         SYMBOL        datas
  C:00C6H         LINE#         64
  C:00C6H         LINE#         65
  C:00C8H         LINE#         66
  C:00CAH         LINE#         67
  C:00CAH         LINE#         68
  C:00CAH         LINE#         69
  C:00CAH         LINE#         70
  C:00CDH         LINE#         71
  C:00CFH         LINE#         72
  -------         ENDPROC       _WRITE_DATA
  -------         PROC          _WRITE_DATA_POS
  D:0006H         SYMBOL        pos
  D:0004H         SYMBOL        datas
  C:00D0H         LINE#         75
  C:00D2H         LINE#         76
  C:00D5H         LINE#         77
  -------         ENDPROC       _WRITE_DATA_POS
  -------         PROC          _WRITE_STRING
  D:0001H         SYMBOL        str
  C:009DH         LINE#         81
  C:009DH         LINE#         82
  C:00A3H         LINE#         83
  C:00A6H         LINE#         84
  C:00ADH         LINE#         85
  C:00AFH         LINE#         86
  -------         ENDPROC       _WRITE_STRING
  -------         PROC          READ_DATA
  -------         DO            
  D:0004H         SYMBOL        c
  -------         ENDDO         
  C:0020H         LINE#         89
  C:0020H         LINE#         90
  C:0022H         LINE#         91
  C:0025H         LINE#         92
  C:0027H         LINE#         93
  C:0029H         LINE#         94
  C:002EH         LINE#         95
  C:0030H         LINE#         97
  C:0032H         LINE#         98
  C:0034H         LINE#         100
  C:0039H         LINE#         101
  C:003BH         LINE#         102
  -------         ENDPROC       READ_DATA
  -------         PROC          _READ_DATA_POS
  D:0008H         SYMBOL        pos
  -------         DO            
BL51 BANKED LINKER/LOCATER V6.22                                                      06/28/2017  16:46:05  PAGE 4


  D:0004H         SYMBOL        c
  D:0002H         SYMBOL        pointer
  -------         ENDDO         
  C:0003H         LINE#         105
  C:0007H         LINE#         107
  C:000EH         LINE#         108
  C:0013H         LINE#         109
  C:0018H         LINE#         110
  C:001DH         LINE#         111
  C:001FH         LINE#         112
  -------         ENDPROC       _READ_DATA_POS
  -------         PROC          READ_POINTER
  -------         DO            
  D:0006H         SYMBOL        read_pointer
  -------         ENDDO         
  C:0056H         LINE#         115
  C:0056H         LINE#         116
  C:0058H         LINE#         117
  C:005BH         LINE#         118
  C:005DH         LINE#         119
  C:005FH         LINE#         120
  C:0061H         LINE#         121
  C:0061H         LINE#         122
  C:0064H         LINE#         123
  C:0066H         LINE#         124
  C:0068H         LINE#         125
  C:006FH         LINE#         126
  -------         ENDPROC       READ_POINTER
  -------         ENDMOD        MAIN

  -------         MODULE        ?C?CLDPTR
  C:0070H         PUBLIC        ?C?CLDPTR
  -------         ENDMOD        ?C?CLDPTR

*** WARNING L16: UNCALLED SEGMENT, IGNORED FOR OVERLAY PROCESS
    SEGMENT: ?PR?_WRITE_DATA_POS?MAIN

*** WARNING L16: UNCALLED SEGMENT, IGNORED FOR OVERLAY PROCESS
    SEGMENT: ?PR?_WRITE_STRING?MAIN

*** WARNING L16: UNCALLED SEGMENT, IGNORED FOR OVERLAY PROCESS
    SEGMENT: ?PR?_READ_DATA_POS?MAIN

*** WARNING L1: UNRESOLVED EXTERNAL SYMBOL
    SYMBOL:  DISPLAY_INIT
    MODULE:  main.obj (MAIN)

*** WARNING L2: REFERENCE MADE TO UNRESOLVED EXTERNAL
    SYMBOL:  DISPLAY_INIT
    MODULE:  main.obj (MAIN)
    ADDRESS: 008AH

Program Size: data=11.0 xdata=0 code=218
LINK/LOCATE RUN COMPLETE.  5 WARNING(S),  0 ERROR(S)
